(node:66153) [DEP0205] DeprecationWarning: `module.register()` is deprecated. Use `module.registerHooks()` instead.
(Use `node --trace-deprecation ...` to show where the warning was created)
[2m[WebServer] [22m(node:66211) Warning: The 'NO_COLOR' env is ignored due to the 'FORCE_COLOR' env being set.
[2m[WebServer] [22m(Use `node --trace-warnings ...` to show where the warning was created)
[2m[WebServer] [22m(node:66211) [DEP0205] DeprecationWarning: `module.register()` is deprecated. Use `module.registerHooks()` instead.
[2m[WebServer] [22mFound 2 warnings while optimizing generated CSS:
[2m[WebServer] [22m
[2m[WebServer] [22mIssue #1:
[2m[WebServer] [22m[2m│   padding-block: 0.25rem;[22m
[2m[WebServer] [22m[2m│ }[22m
[2m[WebServer] [22m[2m│[22m ::highlight(learnlab-read-aloud) {
[2m[WebServer] [22m[2m┆[22m             [33m[2m^--[22m 'highlight' is not recognized as a valid pseudo-element. Did you mean ':highlight' (pseudo-class) or is this a typo?[39m
[2m[WebServer] [22m[2m┆[22m
[2m[WebServer] [22m[2m│   background-color: oklch(85% 0.15 85 / 60%);[22m
[2m[WebServer] [22m[2m│ }[22m
[2m[WebServer] [22m
[2m[WebServer] [22mIssue #2:
[2m[WebServer] [22m[2m│   background-color: oklch(85% 0.15 85 / 60%);[22m
[2m[WebServer] [22m[2m│ }[22m
[2m[WebServer] [22m[2m│[22m :root.dark ::highlight(learnlab-read-aloud) {
[2m[WebServer] [22m[2m┆[22m                        [33m[2m^--[22m 'highlight' is not recognized as a valid pseudo-element. Did you mean ':highlight' (pseudo-class) or is this a typo?[39m
[2m[WebServer] [22m[2m┆[22m
[2m[WebServer] [22m[2m│   background-color: oklch(75% 0.15 85 / 45%);[22m
[2m[WebServer] [22m[2m│ }[22m
[2m[WebServer] [22m
[2m[WebServer] [22m[lightningcss minify] 'highlight' is not recognized as a valid pseudo-element. Did you mean ':highlight' (pseudo-class) or is this a typo?
[2m[WebServer] [22m1  |  /*! tailwindcss v4.3.0 | MIT License | https://tailwindcss.com */
[2m[WebServer] [22m2  |  ...splay{padding-block:.25rem;overflow:auto hidden}::highlight(learnlab-read-aloud){background-color:oklch(85% .15 85...
[2m[WebServer] [22m   |                                                                 ^
[2m[WebServer] [22m[lightningcss minify] 'highlight' is not recognized as a valid pseudo-element. Did you mean ':highlight' (pseudo-class) or is this a typo?
[2m[WebServer] [22m1  |  /*! tailwindcss v4.3.0 | MIT License | https://tailwindcss.com */
[2m[WebServer] [22m2  |  ...ackground-color:oklch(85% .15 85/.6)}:root.dark ::highlight(learnlab-read-aloud){background-color:oklch(75% .15 85...
[2m[WebServer] [22m   |                                                                 ^
[2m[WebServer] [22m(node:66278) Warning: The 'NO_COLOR' env is ignored due to the 'FORCE_COLOR' env being set.
[2m[WebServer] [22m(Use `node --trace-warnings ...` to show where the warning was created)
[2m[WebServer] [22m(node:66278) [DEP0205] DeprecationWarning: `module.register()` is deprecated. Use `module.registerHooks()` instead.

Running 28 tests using 2 workers

(node:66320) Warning: The 'NO_COLOR' env is ignored due to the 'FORCE_COLOR' env being set.
(Use `node --trace-warnings ...` to show where the warning was created)
(node:66321) Warning: The 'NO_COLOR' env is ignored due to the 'FORCE_COLOR' env being set.
(Use `node --trace-warnings ...` to show where the warning was created)
(node:66320) [DEP0205] DeprecationWarning: `module.register()` is deprecated. Use `module.registerHooks()` instead.
(node:66321) [DEP0205] DeprecationWarning: `module.register()` is deprecated. Use `module.registerHooks()` instead.
(node:66320) Warning: The 'NO_COLOR' env is ignored due to the 'FORCE_COLOR' env being set.
(Use `node --trace-warnings ...` to show where the warning was created)
(node:66321) Warning: The 'NO_COLOR' env is ignored due to the 'FORCE_COLOR' env being set.
(Use `node --trace-warnings ...` to show where the warning was created)
  ✓   1 [chromium] › e2e/catalogue.pw.ts:11:3 › AC-01 catalogue and content rendering (fixture content, zero src/ changes) › AC-01: catalogue shows the fixture subject and course from index.json alone (581ms)
  ✓   2 [chromium] › e2e/catalogue.pw.ts:44:3 › AC-01 catalogue and content rendering (fixture content, zero src/ changes) › AC-01: course → module → lesson renders the fixture lesson markdown (1.2s)
  ✓   3 [chromium] › e2e/keyboard-assessment.pw.ts:37:1 › AC-07: keyboard-only user completes the full assessment via aria-live feedback (3.0s)
  ✓   4 [chromium] › e2e/laboratory.pw.ts:7:1 › first station episode: mistakes, keyboard repair, help, evidence and resume (3.1s)
  ✓   5 [chromium] › e2e/laboratory.pw.ts:124:1 › narrow touch workspace: both themes, help escape and retained exposure on restart (3.1s)
  ✓   6 [chromium] › e2e/laboratory.pw.ts:216:1 › downloaded episode survives browser close and offline reopen with local progress (4.0s)
  ✓   7 [chromium] › e2e/laboratory.pw.ts:292:1 › write failure offers an export and keeps the last persisted circuit intact (2.0s)
  ✓   8 [chromium] › e2e/laboratory.pw.ts:328:1 › tablet, landscape and expanded text preserve controls and local-only requests (946ms)
  ✓  10 [chromium] › e2e/v2-rollout.pw.ts:3:3 › A4 v2 rollout boundary › default-disabled v2 preserves the v1 catalogue and bounds unknown routes (876ms)
  ✓  11 [chromium] › e2e/validation-gate.pw.ts:37:5 › AC-05 validation gate (build-content fails with file + pointer/line) › AC-05: dangling prerequisites id → module.json + JSON pointer (430ms)
  ✓  12 [chromium] › e2e/validation-gate.pw.ts:37:5 › AC-05 validation gate (build-content fails with file + pointer/line) › AC-05: missing lesson file → module.json + JSON pointer (405ms)
  ✓  13 [chromium] › e2e/validation-gate.pw.ts:37:5 › AC-05 validation gate (build-content fails with file + pointer/line) › AC-05: unknown widget type → .md file + line (318ms)
  ✓  14 [chromium] › e2e/validation-gate.pw.ts:37:5 › AC-05 validation gate (build-content fails with file + pointer/line) › AC-05: nested container directives → .md file + line (299ms)
(node:66878) Warning: The 'NO_COLOR' env is ignored due to the 'FORCE_COLOR' env being set.
(Use `node --trace-warnings ...` to show where the warning was created)
(node:66878) [DEP0205] DeprecationWarning: `module.register()` is deprecated. Use `module.registerHooks()` instead.
(node:66878) Warning: The 'NO_COLOR' env is ignored due to the 'FORCE_COLOR' env being set.
(Use `node --trace-warnings ...` to show where the warning was created)
  ✓  15 [firefox] › e2e/catalogue.pw.ts:11:3 › AC-01 catalogue and content rendering (fixture content, zero src/ changes) › AC-01: catalogue shows the fixture subject and course from index.json alone (1.3s)
  ✓  16 [firefox] › e2e/catalogue.pw.ts:44:3 › AC-01 catalogue and content rendering (fixture content, zero src/ changes) › AC-01: course → module → lesson renders the fixture lesson markdown (1.5s)
  ✓  17 [firefox] › e2e/keyboard-assessment.pw.ts:37:1 › AC-07: keyboard-only user completes the full assessment via aria-live feedback (2.9s)
  ✓   9 [chromium] › e2e/progress-roundtrip.pw.ts:122:1 › AC-03: lessons + assessment → export → erase → import restores identical progress (10.7s)
(node:67519) Warning: The 'NO_COLOR' env is ignored due to the 'FORCE_COLOR' env being set.
(Use `node --trace-warnings ...` to show where the warning was created)
(node:67519) [DEP0205] DeprecationWarning: `module.register()` is deprecated. Use `module.registerHooks()` instead.
(node:67519) Warning: The 'NO_COLOR' env is ignored due to the 'FORCE_COLOR' env being set.
(Use `node --trace-warnings ...` to show where the warning was created)
  ✓  18 [firefox] › e2e/laboratory.pw.ts:7:1 › first station episode: mistakes, keyboard repair, help, evidence and resume (3.2s)
  ✓  19 [firefox] › e2e/laboratory.pw.ts:124:1 › narrow touch workspace: both themes, help escape and retained exposure on restart (3.6s)
  ✓  21 [firefox] › e2e/laboratory.pw.ts:292:1 › write failure offers an export and keeps the last persisted circuit intact (1.7s)
  ✓  22 [firefox] › e2e/laboratory.pw.ts:328:1 › tablet, landscape and expanded text preserve controls and local-only requests (1.4s)
  ✓  20 [firefox] › e2e/laboratory.pw.ts:216:1 › downloaded episode survives browser close and offline reopen with local progress (8.4s)
  ✓  24 [firefox] › e2e/v2-rollout.pw.ts:3:3 › A4 v2 rollout boundary › default-disabled v2 preserves the v1 catalogue and bounds unknown routes (1.1s)
  ✓  25 [firefox] › e2e/validation-gate.pw.ts:37:5 › AC-05 validation gate (build-content fails with file + pointer/line) › AC-05: dangling prerequisites id → module.json + JSON pointer (327ms)
  ✓  26 [firefox] › e2e/validation-gate.pw.ts:37:5 › AC-05 validation gate (build-content fails with file + pointer/line) › AC-05: missing lesson file → module.json + JSON pointer (315ms)
  ✓  27 [firefox] › e2e/validation-gate.pw.ts:37:5 › AC-05 validation gate (build-content fails with file + pointer/line) › AC-05: unknown widget type → .md file + line (385ms)
  ✓  28 [firefox] › e2e/validation-gate.pw.ts:37:5 › AC-05 validation gate (build-content fails with file + pointer/line) › AC-05: nested container directives → .md file + line (320ms)
  ✓  23 [firefox] › e2e/progress-roundtrip.pw.ts:122:1 › AC-03: lessons + assessment → export → erase → import restores identical progress (6.3s)

  28 passed (39.8s)
