
> learnlab@0.1.0 build
> node scripts/build-laboratory-contracts.mjs --check && node scripts/build-laboratory.mjs && node scripts/build-content.mjs && node scripts/build-python-bundle.mjs && vite build && node scripts/size-check.mjs

Validated 1 laboratory pack(s), generated acquisition index.
build-content: OK — 9 course(s), 78 module(s); wrote index.json in 832 ms (root: public/content)
build-python-bundle: wrote public/python-bundle.zip (15 files, 33304 bytes)
(node:70765) [DEP0205] DeprecationWarning: `module.register()` is deprecated. Use `module.registerHooks()` instead.
(Use `node --trace-deprecation ...` to show where the warning was created)
vite v8.0.16 building client environment for production...
[2Ktransforming...Found 2 warnings while optimizing generated CSS:

Issue #1:
[2m│   padding-block: 0.25rem;[22m
[2m│ }[22m
[2m│[22m ::highlight(learnlab-read-aloud) {
[2m┆[22m             [33m[2m^--[22m 'highlight' is not recognized as a valid pseudo-element. Did you mean ':highlight' (pseudo-class) or is this a typo?[39m
[2m┆[22m
[2m│   background-color: oklch(85% 0.15 85 / 60%);[22m
[2m│ }[22m

Issue #2:
[2m│   background-color: oklch(85% 0.15 85 / 60%);[22m
[2m│ }[22m
[2m│[22m :root.dark ::highlight(learnlab-read-aloud) {
[2m┆[22m                        [33m[2m^--[22m 'highlight' is not recognized as a valid pseudo-element. Did you mean ':highlight' (pseudo-class) or is this a typo?[39m
[2m┆[22m
[2m│   background-color: oklch(75% 0.15 85 / 45%);[22m
[2m│ }[22m

✓ 3535 modules transformed.
[lightningcss minify] 'highlight' is not recognized as a valid pseudo-element. Did you mean ':highlight' (pseudo-class) or is this a typo?
1  |  /*! tailwindcss v4.3.0 | MIT License | https://tailwindcss.com */
2  |  ...splay{padding-block:.25rem;overflow:auto hidden}::highlight(learnlab-read-aloud){background-color:oklch(85% .15 85...
   |                                                                 ^
[lightningcss minify] 'highlight' is not recognized as a valid pseudo-element. Did you mean ':highlight' (pseudo-class) or is this a typo?
1  |  /*! tailwindcss v4.3.0 | MIT License | https://tailwindcss.com */
2  |  ...ackground-color:oklch(85% .15 85/.6)}:root.dark ::highlight(learnlab-read-aloud){background-color:oklch(75% .15 85...
   |                                                                 ^
rendering chunks...
computing gzip size...
dist/laboratory/runtime-assets.json                         0.00 kB │ gzip:   0.02 kB
dist/manifest.webmanifest                                   0.48 kB
dist/index.html                                             1.62 kB │ gzip:   0.83 kB
dist/assets/worker-jSMAi_qy.js                              1.89 kB
dist/assets/KaTeX_Size3-Regular-gV2CO0n9.woff2              3.62 kB
dist/assets/KaTeX_Size3-Regular-CTq5MqoE.woff               4.42 kB
dist/assets/KaTeX_Size4-Regular-Dl5lxZxV.woff2              4.92 kB
dist/assets/KaTeX_Size2-Regular-Dy4dx90m.woff2              5.20 kB
dist/assets/KaTeX_Size1-Regular-mCD8mA8B.woff2              5.46 kB
dist/assets/KaTeX_Size4-Regular-BF-4gkZK.woff               5.98 kB
dist/assets/KaTeX_Size2-Regular-oD1tc_U0.woff               6.18 kB
dist/assets/KaTeX_Size1-Regular-C195tn64.woff               6.49 kB
dist/assets/KaTeX_Caligraphic-Regular-Di6jR-x-.woff2        6.90 kB
dist/assets/KaTeX_Caligraphic-Bold-Dq_IR9rO.woff2           6.91 kB
dist/assets/KaTeX_Size3-Regular-DgpXs0kz.ttf                7.58 kB
dist/assets/KaTeX_Caligraphic-Regular-CTRA-rTL.woff         7.65 kB
dist/assets/KaTeX_Caligraphic-Bold-BEiXGLvX.woff            7.71 kB
dist/assets/KaTeX_Script-Regular-D3wIWfF6.woff2             9.64 kB
dist/assets/KaTeX_SansSerif-Regular-DDBCnlJ7.woff2         10.34 kB
dist/assets/KaTeX_Size4-Regular-DWFBv043.ttf               10.36 kB
dist/assets/KaTeX_Script-Regular-D5yQViql.woff             10.58 kB
dist/assets/KaTeX_Fraktur-Regular-CTYiF6lA.woff2           11.31 kB
dist/assets/KaTeX_Fraktur-Bold-CL6g_b3V.woff2              11.34 kB
dist/assets/KaTeX_Size2-Regular-B7gKUWhC.ttf               11.50 kB
dist/assets/KaTeX_SansSerif-Italic-C3H0VqGB.woff2          12.02 kB
dist/assets/KaTeX_SansSerif-Bold-D1sUS0GD.woff2            12.21 kB
dist/assets/KaTeX_Size1-Regular-Dbsnue_I.ttf               12.22 kB
dist/assets/KaTeX_SansSerif-Regular-CS6fqUqJ.woff          12.31 kB
dist/assets/KaTeX_Caligraphic-Regular-wX97UBjC.ttf         12.34 kB
dist/assets/KaTeX_Caligraphic-Bold-ATXxdsX0.ttf            12.36 kB
dist/assets/KaTeX_Fraktur-Regular-Dxdc4cR9.woff            13.20 kB
dist/assets/KaTeX_Fraktur-Bold-BsDP51OF.woff               13.29 kB
dist/assets/KaTeX_Typewriter-Regular-CO6r4hn1.woff2        13.56 kB
dist/assets/KaTeX_SansSerif-Italic-DN2j7dab.woff           14.11 kB
dist/assets/KaTeX_SansSerif-Bold-DbIhKOiC.woff             14.40 kB
dist/assets/KaTeX_Typewriter-Regular-C0xS9mPB.woff         16.02 kB
dist/assets/KaTeX_Math-BoldItalic-CZnvNsCZ.woff2           16.40 kB
dist/assets/KaTeX_Math-Italic-t53AETM-.woff2               16.44 kB
dist/assets/KaTeX_Script-Regular-C5JkGWo-.ttf              16.64 kB
dist/assets/KaTeX_Main-BoldItalic-DxDJ3AOS.woff2           16.78 kB
dist/assets/KaTeX_Main-Italic-NWA7e6Wa.woff2               16.98 kB
dist/assets/KaTeX_Math-BoldItalic-iY-2wyZ7.woff            18.66 kB
dist/assets/KaTeX_Math-Italic-DA0__PXp.woff                18.74 kB
dist/assets/KaTeX_Main-BoldItalic-SpSLRI95.woff            19.41 kB
dist/assets/KaTeX_SansSerif-Regular-BNo7hRIc.ttf           19.43 kB
dist/assets/KaTeX_Fraktur-Regular-CB_wures.ttf             19.57 kB
dist/assets/KaTeX_Fraktur-Bold-BdnERNNW.ttf                19.58 kB
dist/assets/KaTeX_Main-Italic-BMLOBm91.woff                19.67 kB
dist/assets/KaTeX_SansSerif-Italic-YYjJ1zSn.ttf            22.36 kB
dist/assets/KaTeX_SansSerif-Bold-CFMepnvq.ttf              24.50 kB
dist/assets/KaTeX_Main-Bold-Cx986IdX.woff2                 25.32 kB
dist/assets/KaTeX_Main-Regular-B22Nviop.woff2              26.27 kB
dist/assets/KaTeX_Typewriter-Regular-D3Ib7_Hf.ttf          27.55 kB
dist/assets/KaTeX_AMS-Regular-BQhdFMY1.woff2               28.07 kB
dist/assets/KaTeX_Main-Bold-Jm3AIy58.woff                  29.91 kB
dist/assets/KaTeX_Main-Regular-Dr94JaBh.woff               30.77 kB
dist/assets/KaTeX_Math-BoldItalic-B3XSjfu4.ttf             31.19 kB
dist/assets/KaTeX_Math-Italic-flOr_0UB.ttf                 31.30 kB
dist/assets/KaTeX_Main-BoldItalic-DzxPMmG6.ttf             32.96 kB
dist/assets/KaTeX_AMS-Regular-DMm9YOAa.woff                33.51 kB
dist/assets/KaTeX_Main-Italic-3WenGoN9.ttf                 33.58 kB
dist/assets/KaTeX_Main-Bold-waoOVXN0.ttf                   51.33 kB
dist/assets/KaTeX_Main-Regular-ypZvNtVU.ttf                53.58 kB
dist/assets/KaTeX_AMS-Regular-DRggAlZN.ttf                 63.63 kB
dist/assets/LaboratoryPage-pBBp32hw.css                     4.00 kB │ gzip:   1.31 kB
dist/assets/markdown-BWjBDFfP.css                          24.02 kB │ gzip:   3.96 kB
dist/assets/index-Ded4kpG-.css                             49.19 kB │ gzip:   9.64 kB
dist/assets/content-api-ONQBFhi2.js                         0.03 kB │ gzip:   0.05 kB
dist/assets/tts-DMIaAVvK.js                                 0.03 kB │ gzip:   0.05 kB
dist/assets/lesson-context-CIOLoJ62.js                      0.14 kB │ gzip:   0.13 kB
dist/assets/flame-DV6pZixN.js                               0.18 kB │ gzip:   0.17 kB
dist/assets/rollout-DxdZjfi4.js                             0.31 kB │ gzip:   0.22 kB
dist/assets/seeded-random-BP6CZAxU.js                       0.53 kB │ gzip:   0.33 kB
dist/assets/Figure-BvMNQPQA.js                              0.63 kB │ gzip:   0.43 kB
dist/assets/NotFoundPage-Cd_k0mNj.js                        0.67 kB │ gzip:   0.39 kB
dist/assets/chunk-QTnfLwEv.js                               0.69 kB │ gzip:   0.42 kB
dist/assets/useAsyncData-CCM5A7Fq.js                        0.80 kB │ gzip:   0.45 kB
dist/assets/marking-DlBMx0sS.js                             0.80 kB │ gzip:   0.46 kB
dist/assets/engagement-copy-Dm26OLKu.js                     0.81 kB │ gzip:   0.49 kB
dist/assets/PlotChart-CTGuSZtg.js                           1.09 kB │ gzip:   0.61 kB
dist/assets/when-due-pJsPRZ5m.js                            1.11 kB │ gzip:   0.56 kB
dist/assets/pwa-FeXARv_-.js                                 1.52 kB │ gzip:   0.76 kB
dist/assets/dependenciesUnaryMinus.generated-BxY0ndjz.js    1.71 kB │ gzip:   0.58 kB
dist/assets/QuizWidget-BIYaZWng.js                          1.77 kB │ gzip:   0.92 kB
dist/assets/content-CsgDokqJ.js                             2.27 kB │ gzip:   1.02 kB
dist/assets/CoursePage-D2z0NXml.js                          2.33 kB │ gzip:   1.07 kB
dist/assets/json-qhed-kSA.js                                2.81 kB │ gzip:   0.77 kB
dist/assets/AssessmentPage-CnqkxJE1.js                      3.10 kB │ gzip:   1.51 kB
dist/assets/shared-C8Ety0BI.js                              3.22 kB │ gzip:   1.36 kB
dist/assets/StepReveal-Co5Smqwx.js                          3.67 kB │ gzip:   1.44 kB
dist/assets/VectorField-B_qGl3nC.js                         3.79 kB │ gzip:   1.73 kB
dist/assets/EigenPlayground-BsrDjkQb.js                     4.48 kB │ gzip:   2.19 kB
dist/assets/ModulePage-DvGJDXj1.js                          5.09 kB │ gzip:   1.78 kB
dist/assets/TruthTable-CQW86eLj.js                          5.18 kB │ gzip:   1.96 kB
dist/assets/SearchPage-EdJEh_XJ.js                          5.56 kB │ gzip:   2.39 kB
dist/assets/workbox-window.prod.es5-Bd17z0YL.js             5.65 kB │ gzip:   2.20 kB
dist/assets/FunctionGrapher-C97M6Paw.js                     6.00 kB │ gzip:   2.84 kB
dist/assets/SignalScope-Dmj-WoC1.js                         6.26 kB │ gzip:   2.89 kB
dist/assets/MatchingPairs-Wd1cYbjV.js                       6.34 kB │ gzip:   2.25 kB
dist/assets/Flashcards-wQqidCW8.js                          6.36 kB │ gzip:   2.20 kB
dist/assets/CircuitSim-Xsrfvdkh.js                          7.48 kB │ gzip:   2.57 kB
dist/assets/LogicGateSim-DCg1ZPco.js                        7.72 kB │ gzip:   2.58 kB
dist/assets/jsx-runtime-BWRPWl8p.js                         7.88 kB │ gzip:   2.98 kB
dist/assets/CataloguePage-DnPHJSlE.js                       7.98 kB │ gzip:   2.80 kB
dist/assets/GeometryCanvas-YAjnxplo.js                      8.88 kB │ gzip:   3.18 kB
dist/assets/quiz-iSSrLMxc.js                                9.14 kB │ gzip:   3.49 kB
dist/assets/LessonPage-DZGF7qHp.js                          9.41 kB │ gzip:   3.51 kB
dist/assets/ReadAloudControl-Uq9bdkM-.js                    9.56 kB │ gzip:   3.81 kB
dist/assets/github-dark-C-LZuMrd.js                        11.40 kB │ gzip:   2.53 kB
dist/assets/ProgressPage-DaPYXqWK.js                       11.57 kB │ gzip:   3.77 kB
dist/assets/SettingsPage-Cnl4wsp-.js                       12.25 kB │ gzip:   4.29 kB
dist/assets/screens-DIrTDYo9.js                            16.67 kB │ gzip:   4.43 kB
dist/assets/directives-Du5SLeM2.js                         19.51 kB │ gzip:   5.95 kB
dist/assets/ReviewPage-CCJ5WaaJ.js                         21.57 kB │ gzip:   7.45 kB
dist/assets/python-CHTqUzXs.js                             30.54 kB │ gzip:   9.32 kB
dist/assets/DataPlot-lPdgs0On.js                           35.33 kB │ gzip:  10.46 kB
dist/assets/bash-CLZ0U2zV.js                               41.47 kB │ gzip:   6.07 kB
dist/assets/WidgetsPage-DGYpMVWH.js                        55.71 kB │ gzip:  16.97 kB
dist/assets/python-gzcpVVnB.js                             69.94 kB │ gzip:   9.09 kB
dist/assets/LaboratoryPage-C4Ks4WFk.js                    127.34 kB │ gzip:  20.07 kB
dist/assets/highlighter-B6pfxZXu.js                       138.67 kB │ gzip:  44.18 kB
dist/assets/javascript-BgS3c2Ky.js                        174.82 kB │ gzip:  16.62 kB
dist/assets/typescript-bsJCZSQ-.js                        181.07 kB │ gzip:  16.23 kB
dist/assets/create-CJMzXAFu.js                            183.37 kB │ gzip:  55.41 kB
dist/assets/katex-BMCG0xok.js                             257.77 kB │ gzip:  77.34 kB
dist/assets/ScatterChart-D7Ixav8y.js                      345.84 kB │ gzip: 102.36 kB
dist/assets/CodeRunner-eo6WkyRR.js                        356.50 kB │ gzip: 120.57 kB
dist/assets/index-Koav1CMG.js                             413.57 kB │ gzip: 132.71 kB
dist/assets/markdown-Bm6v1Pmi.js                          457.76 kB │ gzip: 138.27 kB

✓ built in 765ms

PWA v1.3.0
mode      generateSW
precache  95 entries (3422.20 KiB)
files generated
  dist/sw.js
  dist/workbox-c7f9e1df.js
chunk                                         kind   raw KB    gz KB   limit KB  status
AssessmentPage-CnqkxJE1.js                    lazy       3.0      1.5      150.0  OK
CataloguePage-DnPHJSlE.js                     lazy       7.8      2.7      150.0  OK
CircuitSim-Xsrfvdkh.js                        lazy       7.3      2.5      150.0  OK
CodeRunner-eo6WkyRR.js                        lazy     348.2    116.1      150.0  OK
CoursePage-D2z0NXml.js                        lazy       2.3      1.1      150.0  OK
DataPlot-lPdgs0On.js                          lazy      34.5     10.1      150.0  OK
EigenPlayground-BsrDjkQb.js                   lazy       4.4      2.1      150.0  OK
Figure-BvMNQPQA.js                            lazy       0.6      0.4      150.0  OK
Flashcards-wQqidCW8.js                        lazy       6.2      2.2      150.0  OK
FunctionGrapher-C97M6Paw.js                   lazy       5.9      2.8      150.0  OK
GeometryCanvas-YAjnxplo.js                    lazy       8.7      3.1      150.0  OK
LaboratoryPage-C4Ks4WFk.js                    lazy     124.4     19.4      150.0  OK
LessonPage-DZGF7qHp.js                        lazy       9.2      3.4      150.0  OK
LogicGateSim-DCg1ZPco.js                      lazy       7.5      2.5      150.0  OK
MatchingPairs-Wd1cYbjV.js                     lazy       6.2      2.2      150.0  OK
ModulePage-DvGJDXj1.js                        lazy       5.0      1.7      150.0  OK
NotFoundPage-Cd_k0mNj.js                      lazy       0.7      0.4      150.0  OK
PlotChart-CTGuSZtg.js                         lazy       1.1      0.6      150.0  OK
ProgressPage-DaPYXqWK.js                      lazy      11.3      3.7      150.0  OK
QuizWidget-BIYaZWng.js                        lazy       1.7      0.9      150.0  OK
ReadAloudControl-Uq9bdkM-.js                  lazy       9.3      3.7      150.0  OK
ReviewPage-CCJ5WaaJ.js                        lazy      21.1      7.2      150.0  OK
ScatterChart-D7Ixav8y.js                      lazy     337.7     99.0      150.0  OK
SearchPage-EdJEh_XJ.js                        lazy       5.4      2.3      150.0  OK
SettingsPage-Cnl4wsp-.js                      lazy      12.0      4.2      150.0  OK
SignalScope-Dmj-WoC1.js                       lazy       6.1      2.8      150.0  OK
StepReveal-Co5Smqwx.js                        lazy       3.6      1.4      150.0  OK
TruthTable-CQW86eLj.js                        lazy       5.1      1.9      150.0  OK
VectorField-B_qGl3nC.js                       lazy       3.7      1.7      150.0  OK
WidgetsPage-DGYpMVWH.js                       lazy      54.4     16.5      150.0  OK
bash-CLZ0U2zV.js                              lazy      40.5      5.9      150.0  OK
chunk-QTnfLwEv.js                             lazy       0.7      0.4      150.0  OK
content-CsgDokqJ.js                           lazy       2.2      1.0      150.0  OK
content-api-ONQBFhi2.js                       lazy       0.0      0.0      150.0  OK
create-CJMzXAFu.js                            lazy     179.1     53.2      150.0  OK
dependenciesUnaryMinus.generated-BxY0ndjz.js  lazy       1.7      0.6      150.0  OK
directives-Du5SLeM2.js                        lazy      19.1      5.8      150.0  OK
engagement-copy-Dm26OLKu.js                   lazy       0.8      0.5      150.0  OK
flame-DV6pZixN.js                             lazy       0.2      0.2      150.0  OK
github-dark-C-LZuMrd.js                       lazy      11.1      2.5      150.0  OK
highlighter-B6pfxZXu.js                       lazy     135.4     42.6      150.0  OK
index-Koav1CMG.js                             entry    403.9    128.0      350.0  OK
javascript-BgS3c2Ky.js                        lazy     170.7     15.8      150.0  OK
json-qhed-kSA.js                              lazy       2.8      0.8      150.0  OK
jsx-runtime-BWRPWl8p.js                       lazy       7.7      2.9      150.0  OK
katex-BMCG0xok.js                             lazy     251.7     74.5      150.0  OK
lesson-context-CIOLoJ62.js                    lazy       0.1      0.1      150.0  OK
markdown-Bm6v1Pmi.js                          lazy     447.0    133.4      150.0  OK
marking-DlBMx0sS.js                           lazy       0.8      0.5      150.0  OK
pwa-FeXARv_-.js                               lazy       1.5      0.7      150.0  OK
python-CHTqUzXs.js                            lazy      29.8      9.0      150.0  OK
python-gzcpVVnB.js                            lazy      68.3      8.8      150.0  OK
quiz-iSSrLMxc.js                              lazy       8.9      3.4      150.0  OK
rollout-DxdZjfi4.js                           lazy       0.3      0.2      150.0  OK
screens-DIrTDYo9.js                           lazy      16.3      4.3      150.0  OK
seeded-random-BP6CZAxU.js                     lazy       0.5      0.3      150.0  OK
shared-C8Ety0BI.js                            lazy       3.1      1.3      150.0  OK
tts-DMIaAVvK.js                               lazy       0.0      0.1      150.0  OK
typescript-bsJCZSQ-.js                        lazy     176.8     15.3      150.0  OK
useAsyncData-CCM5A7Fq.js                      lazy       0.8      0.4      150.0  OK
when-due-pJsPRZ5m.js                          lazy       1.1      0.5      150.0  OK
workbox-window.prod.es5-Bd17z0YL.js           lazy       5.5      2.1      150.0  OK
worker-jSMAi_qy.js                            lazy       1.9      1.0      150.0  OK
size-check: all chunks within NFR-PERF-001 budgets.
