(node:114887) [DEP0205] DeprecationWarning: `module.register()` is deprecated. Use `module.registerHooks()` instead.
(Use `node --trace-deprecation ...` to show where the warning was created)
[2m[WebServer] [22m(node:114945) Warning: The 'NO_COLOR' env is ignored due to the 'FORCE_COLOR' env being set.
[2m[WebServer] [22m(Use `node --trace-warnings ...` to show where the warning was created)
[2m[WebServer] [22m(node:114945) [DEP0205] DeprecationWarning: `module.register()` is deprecated. Use `module.registerHooks()` instead.
[2m[WebServer] [22mFound 2 warnings while optimizing generated CSS:
[2m[WebServer] [22m
[2m[WebServer] [22mIssue #1:
[2m[WebServer] [22m[2m│   padding-block: 0.25rem;[22m
[2m[WebServer] [22m[2m│ }[22m
[2m[WebServer] [22m[2m│[22m ::highlight(learnlab-read-aloud) {
[2m[WebServer] [22m[2m┆[22m             [33m[2m^--[22m 'highlight' is not recognized as a valid pseudo-element. Did you mean ':highlight' (pseudo-class) or is this a typo?[39m
[2m[WebServer] [22m[2m┆[22m
[2m[WebServer] [22m[2m│   background-color: oklch(85% 0.15 85 / 60%);[22m
[2m[WebServer] [22m[2m│ }[22m
[2m[WebServer] [22m
[2m[WebServer] [22mIssue #2:
[2m[WebServer] [22m[2m│   background-color: oklch(85% 0.15 85 / 60%);[22m
[2m[WebServer] [22m[2m│ }[22m
[2m[WebServer] [22m[2m│[22m :root.dark ::highlight(learnlab-read-aloud) {
[2m[WebServer] [22m[2m┆[22m                        [33m[2m^--[22m 'highlight' is not recognized as a valid pseudo-element. Did you mean ':highlight' (pseudo-class) or is this a typo?[39m
[2m[WebServer] [22m[2m┆[22m
[2m[WebServer] [22m[2m│   background-color: oklch(75% 0.15 85 / 45%);[22m
[2m[WebServer] [22m[2m│ }[22m
[2m[WebServer] [22m
[2m[WebServer] [22m[lightningcss minify] 'highlight' is not recognized as a valid pseudo-element. Did you mean ':highlight' (pseudo-class) or is this a typo?
[2m[WebServer] [22m1  |  /*! tailwindcss v4.3.0 | MIT License | https://tailwindcss.com */
[2m[WebServer] [22m2  |  ...splay{padding-block:.25rem;overflow:auto hidden}::highlight(learnlab-read-aloud){background-color:oklch(85% .15 85...
[2m[WebServer] [22m   |                                                                 ^
[2m[WebServer] [22m[lightningcss minify] 'highlight' is not recognized as a valid pseudo-element. Did you mean ':highlight' (pseudo-class) or is this a typo?
[2m[WebServer] [22m1  |  /*! tailwindcss v4.3.0 | MIT License | https://tailwindcss.com */
[2m[WebServer] [22m2  |  ...ackground-color:oklch(85% .15 85/.6)}:root.dark ::highlight(learnlab-read-aloud){background-color:oklch(75% .15 85...
[2m[WebServer] [22m   |                                                                 ^
[2m[WebServer] [22m(node:115322) Warning: The 'NO_COLOR' env is ignored due to the 'FORCE_COLOR' env being set.
[2m[WebServer] [22m(Use `node --trace-warnings ...` to show where the warning was created)
[2m[WebServer] [22m(node:115322) [DEP0205] DeprecationWarning: `module.register()` is deprecated. Use `module.registerHooks()` instead.

Running 40 tests using 2 workers

(node:115364) Warning: The 'NO_COLOR' env is ignored due to the 'FORCE_COLOR' env being set.
(Use `node --trace-warnings ...` to show where the warning was created)
(node:115364) [DEP0205] DeprecationWarning: `module.register()` is deprecated. Use `module.registerHooks()` instead.
(node:115364) Warning: The 'NO_COLOR' env is ignored due to the 'FORCE_COLOR' env being set.
(Use `node --trace-warnings ...` to show where the warning was created)
(node:115365) Warning: The 'NO_COLOR' env is ignored due to the 'FORCE_COLOR' env being set.
(Use `node --trace-warnings ...` to show where the warning was created)
(node:115365) [DEP0205] DeprecationWarning: `module.register()` is deprecated. Use `module.registerHooks()` instead.
(node:115365) Warning: The 'NO_COLOR' env is ignored due to the 'FORCE_COLOR' env being set.
(Use `node --trace-warnings ...` to show where the warning was created)
  -   2 [chromium] › e2e/author-build-boundary.pw.ts:14:1 › explicit author build rejects a non-loopback document host
  -   3 [chromium] › e2e/author-studio.pw.ts:9:1 › author preview shares actual renderer, survives diagnostic export/import and writes no learner rows
  -   4 [chromium] › e2e/author-studio.pw.ts:116:1 › source validation, undo, new-subject preview and bounded diagnostics
  -   5 [chromium] › e2e/author-studio.pw.ts:172:1 › switching preview episodes clears stale state and archives retain their original content
  -   6 [chromium] › e2e/author-studio.pw.ts:242:1 › phone author controls and expanded text stay within requested viewport
  ✓   1 [chromium] › e2e/author-build-boundary.pw.ts:3:1 › ordinary learner build excludes Studio route and emitted module (526ms)
  ✓   7 [chromium] › e2e/catalogue.pw.ts:11:3 › AC-01 catalogue and content rendering (fixture content, zero src/ changes) › AC-01: catalogue shows the fixture subject and course from index.json alone (570ms)
  ✓   8 [chromium] › e2e/catalogue.pw.ts:44:3 › AC-01 catalogue and content rendering (fixture content, zero src/ changes) › AC-01: course → module → lesson renders the fixture lesson markdown (1.1s)
  ✓   9 [chromium] › e2e/keyboard-assessment.pw.ts:37:1 › AC-07: keyboard-only user completes the full assessment via aria-live feedback (2.7s)
  ✓  10 [chromium] › e2e/laboratory.pw.ts:7:1 › first station episode: mistakes, keyboard repair, help, evidence and resume (2.9s)
  ✓  11 [chromium] › e2e/laboratory.pw.ts:124:1 › narrow touch workspace: both themes, help escape and retained exposure on restart (2.9s)
  ✓  13 [chromium] › e2e/laboratory.pw.ts:292:1 › write failure offers an export and keeps the last persisted circuit intact (1.5s)
  ✓  12 [chromium] › e2e/laboratory.pw.ts:216:1 › downloaded episode survives browser close and offline reopen with local progress (3.7s)
  ✓  14 [chromium] › e2e/laboratory.pw.ts:328:1 › tablet, landscape and expanded text preserve controls and local-only requests (915ms)
  ✓  16 [chromium] › e2e/v2-rollout.pw.ts:3:3 › A4 v2 rollout boundary › default-disabled v2 preserves the v1 catalogue and bounds unknown routes (1.4s)
  ✓  17 [chromium] › e2e/validation-gate.pw.ts:37:5 › AC-05 validation gate (build-content fails with file + pointer/line) › AC-05: dangling prerequisites id → module.json + JSON pointer (396ms)
  ✓  18 [chromium] › e2e/validation-gate.pw.ts:37:5 › AC-05 validation gate (build-content fails with file + pointer/line) › AC-05: missing lesson file → module.json + JSON pointer (373ms)
  ✓  19 [chromium] › e2e/validation-gate.pw.ts:37:5 › AC-05 validation gate (build-content fails with file + pointer/line) › AC-05: unknown widget type → .md file + line (292ms)
  ✓  20 [chromium] › e2e/validation-gate.pw.ts:37:5 › AC-05 validation gate (build-content fails with file + pointer/line) › AC-05: nested container directives → .md file + line (250ms)
(node:116691) Warning: The 'NO_COLOR' env is ignored due to the 'FORCE_COLOR' env being set.
(Use `node --trace-warnings ...` to show where the warning was created)
(node:116691) [DEP0205] DeprecationWarning: `module.register()` is deprecated. Use `module.registerHooks()` instead.
(node:116691) Warning: The 'NO_COLOR' env is ignored due to the 'FORCE_COLOR' env being set.
(Use `node --trace-warnings ...` to show where the warning was created)
  ✓  21 [firefox] › e2e/author-build-boundary.pw.ts:3:1 › ordinary learner build excludes Studio route and emitted module (1.1s)
  -  22 [firefox] › e2e/author-build-boundary.pw.ts:14:1 › explicit author build rejects a non-loopback document host
  -  23 [firefox] › e2e/author-studio.pw.ts:9:1 › author preview shares actual renderer, survives diagnostic export/import and writes no learner rows
  -  24 [firefox] › e2e/author-studio.pw.ts:116:1 › source validation, undo, new-subject preview and bounded diagnostics
  -  25 [firefox] › e2e/author-studio.pw.ts:172:1 › switching preview episodes clears stale state and archives retain their original content
  -  26 [firefox] › e2e/author-studio.pw.ts:242:1 › phone author controls and expanded text stay within requested viewport
  ✓  27 [firefox] › e2e/catalogue.pw.ts:11:3 › AC-01 catalogue and content rendering (fixture content, zero src/ changes) › AC-01: catalogue shows the fixture subject and course from index.json alone (809ms)
  ✓  28 [firefox] › e2e/catalogue.pw.ts:44:3 › AC-01 catalogue and content rendering (fixture content, zero src/ changes) › AC-01: course → module → lesson renders the fixture lesson markdown (1.8s)
  ✓  15 [chromium] › e2e/progress-roundtrip.pw.ts:122:1 › AC-03: lessons + assessment → export → erase → import restores identical progress (10.4s)
  ✓  29 [firefox] › e2e/keyboard-assessment.pw.ts:37:1 › AC-07: keyboard-only user completes the full assessment via aria-live feedback (2.6s)
(node:117406) Warning: The 'NO_COLOR' env is ignored due to the 'FORCE_COLOR' env being set.
(Use `node --trace-warnings ...` to show where the warning was created)
(node:117406) [DEP0205] DeprecationWarning: `module.register()` is deprecated. Use `module.registerHooks()` instead.
(node:117406) Warning: The 'NO_COLOR' env is ignored due to the 'FORCE_COLOR' env being set.
(Use `node --trace-warnings ...` to show where the warning was created)
  ✓  30 [firefox] › e2e/laboratory.pw.ts:124:1 › narrow touch workspace: both themes, help escape and retained exposure on restart (3.2s)
  ✓  31 [firefox] › e2e/laboratory.pw.ts:7:1 › first station episode: mistakes, keyboard repair, help, evidence and resume (3.9s)
  ✓  33 [firefox] › e2e/laboratory.pw.ts:292:1 › write failure offers an export and keeps the last persisted circuit intact (1.6s)
  ✓  34 [firefox] › e2e/laboratory.pw.ts:328:1 › tablet, landscape and expanded text preserve controls and local-only requests (1.4s)
  ✓  32 [firefox] › e2e/laboratory.pw.ts:216:1 › downloaded episode survives browser close and offline reopen with local progress (7.9s)
  ✓  36 [firefox] › e2e/v2-rollout.pw.ts:3:3 › A4 v2 rollout boundary › default-disabled v2 preserves the v1 catalogue and bounds unknown routes (1.1s)
  ✓  37 [firefox] › e2e/validation-gate.pw.ts:37:5 › AC-05 validation gate (build-content fails with file + pointer/line) › AC-05: dangling prerequisites id → module.json + JSON pointer (321ms)
  ✓  38 [firefox] › e2e/validation-gate.pw.ts:37:5 › AC-05 validation gate (build-content fails with file + pointer/line) › AC-05: missing lesson file → module.json + JSON pointer (298ms)
  ✓  39 [firefox] › e2e/validation-gate.pw.ts:37:5 › AC-05 validation gate (build-content fails with file + pointer/line) › AC-05: unknown widget type → .md file + line (470ms)
  ✓  40 [firefox] › e2e/validation-gate.pw.ts:37:5 › AC-05 validation gate (build-content fails with file + pointer/line) › AC-05: nested container directives → .md file + line (295ms)
  ✓  35 [firefox] › e2e/progress-roundtrip.pw.ts:122:1 › AC-03: lessons + assessment → export → erase → import restores identical progress (6.6s)

  10 skipped
  30 passed (39.6s)
