(node:3279628) [DEP0205] DeprecationWarning: `module.register()` is deprecated. Use `module.registerHooks()` instead.
(Use `node --trace-deprecation ...` to show where the warning was created)
[2m[WebServer] [22m(node:3279787) Warning: The 'NO_COLOR' env is ignored due to the 'FORCE_COLOR' env being set.
[2m[WebServer] [22m(Use `node --trace-warnings ...` to show where the warning was created)
[2m[WebServer] [22m(node:3279787) [DEP0205] DeprecationWarning: `module.register()` is deprecated. Use `module.registerHooks()` instead.
[2m[WebServer] [22mFound 2 warnings while optimizing generated CSS:
[2m[WebServer] [22m
[2m[WebServer] [22mIssue #1:
[2m[WebServer] [22m[2m│   padding-block: 0.25rem;[22m
[2m[WebServer] [22m[2m│ }[22m
[2m[WebServer] [22m[2m│[22m ::highlight(learnlab-read-aloud) {
[2m[WebServer] [22m[2m┆[22m             [33m[2m^--[22m 'highlight' is not recognized as a valid pseudo-element. Did you mean ':highlight' (pseudo-class) or is this a typo?[39m
[2m[WebServer] [22m[2m┆[22m
[2m[WebServer] [22m[2m│   background-color: oklch(85% 0.15 85 / 60%);[22m
[2m[WebServer] [22m[2m│ }[22m
[2m[WebServer] [22m
[2m[WebServer] [22mIssue #2:
[2m[WebServer] [22m[2m│   background-color: oklch(85% 0.15 85 / 60%);[22m
[2m[WebServer] [22m[2m│ }[22m
[2m[WebServer] [22m[2m│[22m :root.dark ::highlight(learnlab-read-aloud) {
[2m[WebServer] [22m[2m┆[22m                        [33m[2m^--[22m 'highlight' is not recognized as a valid pseudo-element. Did you mean ':highlight' (pseudo-class) or is this a typo?[39m
[2m[WebServer] [22m[2m┆[22m
[2m[WebServer] [22m[2m│   background-color: oklch(75% 0.15 85 / 45%);[22m
[2m[WebServer] [22m[2m│ }[22m
[2m[WebServer] [22m
[2m[WebServer] [22m[lightningcss minify] 'highlight' is not recognized as a valid pseudo-element. Did you mean ':highlight' (pseudo-class) or is this a typo?
[2m[WebServer] [22m1  |  /*! tailwindcss v4.3.0 | MIT License | https://tailwindcss.com */
[2m[WebServer] [22m2  |  ...splay{padding-block:.25rem;overflow:auto hidden}::highlight(learnlab-read-aloud){background-color:oklch(85% .15 85...
[2m[WebServer] [22m   |                                                                 ^
[2m[WebServer] [22m[lightningcss minify] 'highlight' is not recognized as a valid pseudo-element. Did you mean ':highlight' (pseudo-class) or is this a typo?
[2m[WebServer] [22m1  |  /*! tailwindcss v4.3.0 | MIT License | https://tailwindcss.com */
[2m[WebServer] [22m2  |  ...ackground-color:oklch(85% .15 85/.6)}:root.dark ::highlight(learnlab-read-aloud){background-color:oklch(75% .15 85...
[2m[WebServer] [22m   |                                                                 ^
[2m[WebServer] [22m(node:3280254) Warning: The 'NO_COLOR' env is ignored due to the 'FORCE_COLOR' env being set.
[2m[WebServer] [22m(Use `node --trace-warnings ...` to show where the warning was created)
[2m[WebServer] [22m(node:3280254) [DEP0205] DeprecationWarning: `module.register()` is deprecated. Use `module.registerHooks()` instead.

Running 16 tests using 2 workers

(node:3280420) Warning: The 'NO_COLOR' env is ignored due to the 'FORCE_COLOR' env being set.
(Use `node --trace-warnings ...` to show where the warning was created)
(node:3280419) Warning: The 'NO_COLOR' env is ignored due to the 'FORCE_COLOR' env being set.
(Use `node --trace-warnings ...` to show where the warning was created)
(node:3280420) [DEP0205] DeprecationWarning: `module.register()` is deprecated. Use `module.registerHooks()` instead.
(node:3280419) [DEP0205] DeprecationWarning: `module.register()` is deprecated. Use `module.registerHooks()` instead.
(node:3280420) Warning: The 'NO_COLOR' env is ignored due to the 'FORCE_COLOR' env being set.
(Use `node --trace-warnings ...` to show where the warning was created)
(node:3280419) Warning: The 'NO_COLOR' env is ignored due to the 'FORCE_COLOR' env being set.
(Use `node --trace-warnings ...` to show where the warning was created)
  ✓   2 [chromium] › e2e/laboratory.pw.ts:7:1 › first station episode: mistakes, keyboard repair, help, evidence and resume (3.0s)
  ✓   1 [chromium] › e2e/laboratory.pw.ts:124:1 › new investigations: charge windows, source energy and two resistance routes (3.3s)
  ✓   3 [chromium] › e2e/laboratory.pw.ts:283:1 › new circuit controls fit a narrow touch layout with expanded text (1.0s)
  ✓   4 [chromium] › e2e/laboratory.pw.ts:327:1 › narrow touch workspace: both themes, help escape and retained exposure on restart (3.2s)
  ✓   6 [chromium] › e2e/laboratory.pw.ts:557:1 › write failure offers an export and keeps the last persisted circuit intact (1.2s)
  ✓   5 [chromium] › e2e/laboratory.pw.ts:419:1 › downloaded episode survives browser close and offline reopen with local progress (4.7s)
  ✓   7 [chromium] › e2e/laboratory.pw.ts:599:1 › tablet, landscape and expanded text preserve controls and local-only requests (1.1s)
(node:3281091) Warning: The 'NO_COLOR' env is ignored due to the 'FORCE_COLOR' env being set.
(Use `node --trace-warnings ...` to show where the warning was created)
(node:3281091) [DEP0205] DeprecationWarning: `module.register()` is deprecated. Use `module.registerHooks()` instead.
(node:3281091) Warning: The 'NO_COLOR' env is ignored due to the 'FORCE_COLOR' env being set.
(Use `node --trace-warnings ...` to show where the warning was created)
  ✓   8 [chromium] › e2e/laboratory.pw.ts:648:1 › silently discarded offline writes show recovery and never claim readiness (2.3s)
(node:3281235) Warning: The 'NO_COLOR' env is ignored due to the 'FORCE_COLOR' env being set.
(Use `node --trace-warnings ...` to show where the warning was created)
(node:3281235) [DEP0205] DeprecationWarning: `module.register()` is deprecated. Use `module.registerHooks()` instead.
(node:3281235) Warning: The 'NO_COLOR' env is ignored due to the 'FORCE_COLOR' env being set.
(Use `node --trace-warnings ...` to show where the warning was created)
  ✓   9 [firefox] › e2e/laboratory.pw.ts:7:1 › first station episode: mistakes, keyboard repair, help, evidence and resume (6.7s)
  ✓  11 [firefox] › e2e/laboratory.pw.ts:283:1 › new circuit controls fit a narrow touch layout with expanded text (1.5s)
  ✓  10 [firefox] › e2e/laboratory.pw.ts:124:1 › new investigations: charge windows, source energy and two resistance routes (7.8s)
  ✓  12 [firefox] › e2e/laboratory.pw.ts:327:1 › narrow touch workspace: both themes, help escape and retained exposure on restart (4.3s)
  ✓  14 [firefox] › e2e/laboratory.pw.ts:557:1 › write failure offers an export and keeps the last persisted circuit intact (2.0s)
  ✓  15 [firefox] › e2e/laboratory.pw.ts:599:1 › tablet, landscape and expanded text preserve controls and local-only requests (2.0s)
  ✓  16 [firefox] › e2e/laboratory.pw.ts:648:1 › silently discarded offline writes show recovery and never claim readiness (2.5s)
  ✓  13 [firefox] › e2e/laboratory.pw.ts:419:1 › downloaded episode survives browser close and offline reopen with local progress (13.3s)

  16 passed (46.0s)
