(node:3386219) [DEP0205] DeprecationWarning: `module.register()` is deprecated. Use `module.registerHooks()` instead.
(Use `node --trace-deprecation ...` to show where the warning was created)
[2m[WebServer] [22m(node:3386280) Warning: The 'NO_COLOR' env is ignored due to the 'FORCE_COLOR' env being set.
[2m[WebServer] [22m(Use `node --trace-warnings ...` to show where the warning was created)
[2m[WebServer] [22m(node:3386280) [DEP0205] DeprecationWarning: `module.register()` is deprecated. Use `module.registerHooks()` instead.
[2m[WebServer] [22mFound 2 warnings while optimizing generated CSS:
[2m[WebServer] [22m
[2m[WebServer] [22mIssue #1:
[2m[WebServer] [22m[2m│   padding-block: 0.25rem;[22m
[2m[WebServer] [22m[2m│ }[22m
[2m[WebServer] [22m[2m│[22m ::highlight(learnlab-read-aloud) {
[2m[WebServer] [22m[2m┆[22m             [33m[2m^--[22m 'highlight' is not recognized as a valid pseudo-element. Did you mean ':highlight' (pseudo-class) or is this a typo?[39m
[2m[WebServer] [22m[2m┆[22m
[2m[WebServer] [22m[2m│   background-color: oklch(85% 0.15 85 / 60%);[22m
[2m[WebServer] [22m[2m│ }[22m
[2m[WebServer] [22m
[2m[WebServer] [22mIssue #2:
[2m[WebServer] [22m[2m│   background-color: oklch(85% 0.15 85 / 60%);[22m
[2m[WebServer] [22m[2m│ }[22m
[2m[WebServer] [22m[2m│[22m :root.dark ::highlight(learnlab-read-aloud) {
[2m[WebServer] [22m[2m┆[22m                        [33m[2m^--[22m 'highlight' is not recognized as a valid pseudo-element. Did you mean ':highlight' (pseudo-class) or is this a typo?[39m
[2m[WebServer] [22m[2m┆[22m
[2m[WebServer] [22m[2m│   background-color: oklch(75% 0.15 85 / 45%);[22m
[2m[WebServer] [22m[2m│ }[22m
[2m[WebServer] [22m
[2m[WebServer] [22m[lightningcss minify] 'highlight' is not recognized as a valid pseudo-element. Did you mean ':highlight' (pseudo-class) or is this a typo?
[2m[WebServer] [22m1  |  /*! tailwindcss v4.3.0 | MIT License | https://tailwindcss.com */
[2m[WebServer] [22m2  |  ...splay{padding-block:.25rem;overflow:auto hidden}::highlight(learnlab-read-aloud){background-color:oklch(85% .15 85...
[2m[WebServer] [22m   |                                                                 ^
[2m[WebServer] [22m[lightningcss minify] 'highlight' is not recognized as a valid pseudo-element. Did you mean ':highlight' (pseudo-class) or is this a typo?
[2m[WebServer] [22m1  |  /*! tailwindcss v4.3.0 | MIT License | https://tailwindcss.com */
[2m[WebServer] [22m2  |  ...ackground-color:oklch(85% .15 85/.6)}:root.dark ::highlight(learnlab-read-aloud){background-color:oklch(75% .15 85...
[2m[WebServer] [22m   |                                                                 ^
[2m[WebServer] [22m(node:3386750) Warning: The 'NO_COLOR' env is ignored due to the 'FORCE_COLOR' env being set.
[2m[WebServer] [22m(Use `node --trace-warnings ...` to show where the warning was created)
[2m[WebServer] [22m(node:3386750) [DEP0205] DeprecationWarning: `module.register()` is deprecated. Use `module.registerHooks()` instead.

Running 20 tests using 2 workers

(node:3386898) Warning: The 'NO_COLOR' env is ignored due to the 'FORCE_COLOR' env being set.
(Use `node --trace-warnings ...` to show where the warning was created)
(node:3386898) [DEP0205] DeprecationWarning: `module.register()` is deprecated. Use `module.registerHooks()` instead.
(node:3386898) Warning: The 'NO_COLOR' env is ignored due to the 'FORCE_COLOR' env being set.
(Use `node --trace-warnings ...` to show where the warning was created)
(node:3386897) Warning: The 'NO_COLOR' env is ignored due to the 'FORCE_COLOR' env being set.
(Use `node --trace-warnings ...` to show where the warning was created)
(node:3386897) [DEP0205] DeprecationWarning: `module.register()` is deprecated. Use `module.registerHooks()` instead.
(node:3386897) Warning: The 'NO_COLOR' env is ignored due to the 'FORCE_COLOR' env being set.
(Use `node --trace-warnings ...` to show where the warning was created)
  ✓   1 [chromium] › e2e/laboratory.pw.ts:124:1 › new investigations: charge windows, source energy and two resistance routes (2.9s)
  ✓   2 [chromium] › e2e/laboratory.pw.ts:7:1 › first station episode: mistakes, keyboard repair, help, evidence and resume (3.1s)
  ✓   4 [chromium] › e2e/laboratory.pw.ts:467:1 › parallel branches remain operable by touch with expanded text (1.1s)
  ✓   5 [chromium] › e2e/laboratory.pw.ts:515:1 › new circuit controls fit a narrow touch layout with expanded text (852ms)
  ✓   3 [chromium] › e2e/laboratory.pw.ts:292:1 › series and parallel investigations: shared current, branch survival and fresh predictions (3.2s)
  ✓   6 [chromium] › e2e/laboratory.pw.ts:559:1 › narrow touch workspace: both themes, help escape and retained exposure on restart (3.1s)
  ✓   8 [chromium] › e2e/laboratory.pw.ts:789:1 › write failure offers an export and keeps the last persisted circuit intact (1.6s)
  ✓   7 [chromium] › e2e/laboratory.pw.ts:651:1 › downloaded episode survives browser close and offline reopen with local progress (3.7s)
  ✓   9 [chromium] › e2e/laboratory.pw.ts:831:1 › tablet, landscape and expanded text preserve controls and local-only requests (995ms)
(node:3388120) Warning: The 'NO_COLOR' env is ignored due to the 'FORCE_COLOR' env being set.
(Use `node --trace-warnings ...` to show where the warning was created)
(node:3388120) [DEP0205] DeprecationWarning: `module.register()` is deprecated. Use `module.registerHooks()` instead.
(node:3388120) Warning: The 'NO_COLOR' env is ignored due to the 'FORCE_COLOR' env being set.
(Use `node --trace-warnings ...` to show where the warning was created)
  ✓  10 [chromium] › e2e/laboratory.pw.ts:880:1 › silently discarded offline writes show recovery and never claim readiness (2.2s)
(node:3388235) Warning: The 'NO_COLOR' env is ignored due to the 'FORCE_COLOR' env being set.
(Use `node --trace-warnings ...` to show where the warning was created)
(node:3388235) [DEP0205] DeprecationWarning: `module.register()` is deprecated. Use `module.registerHooks()` instead.
(node:3388235) Warning: The 'NO_COLOR' env is ignored due to the 'FORCE_COLOR' env being set.
(Use `node --trace-warnings ...` to show where the warning was created)
  ✓  11 [firefox] › e2e/laboratory.pw.ts:7:1 › first station episode: mistakes, keyboard repair, help, evidence and resume (5.9s)
  ✓  12 [firefox] › e2e/laboratory.pw.ts:124:1 › new investigations: charge windows, source energy and two resistance routes (6.7s)
  ✓  14 [firefox] › e2e/laboratory.pw.ts:467:1 › parallel branches remain operable by touch with expanded text (1.3s)
  ✓  15 [firefox] › e2e/laboratory.pw.ts:515:1 › new circuit controls fit a narrow touch layout with expanded text (1.3s)
  ✓  13 [firefox] › e2e/laboratory.pw.ts:292:1 › series and parallel investigations: shared current, branch survival and fresh predictions (5.8s)
  ✓  16 [firefox] › e2e/laboratory.pw.ts:559:1 › narrow touch workspace: both themes, help escape and retained exposure on restart (3.6s)
  ✓  18 [firefox] › e2e/laboratory.pw.ts:789:1 › write failure offers an export and keeps the last persisted circuit intact (1.9s)
  ✓  19 [firefox] › e2e/laboratory.pw.ts:831:1 › tablet, landscape and expanded text preserve controls and local-only requests (1.9s)
  ✓  20 [firefox] › e2e/laboratory.pw.ts:880:1 › silently discarded offline writes show recovery and never claim readiness (2.1s)
  ✓  17 [firefox] › e2e/laboratory.pw.ts:651:1 › downloaded episode survives browser close and offline reopen with local progress (10.4s)

  20 passed (43.8s)
