[WebServer] Found 2 warnings while optimizing generated CSS:
[WebServer] 
[WebServer] Issue #1:
[WebServer] [2m│   padding-block: 0.25rem;[22m
[WebServer] [2m│ }[22m
[WebServer] [2m│[22m ::highlight(learnlab-read-aloud) {
[WebServer] [2m┆[22m             [33m[2m^--[22m 'highlight' is not recognized as a valid pseudo-element. Did you mean ':highlight' (pseudo-class) or is this a typo?[39m
[WebServer] [2m┆[22m
[WebServer] [2m│   background-color: oklch(85% 0.15 85 / 60%);[22m
[WebServer] [2m│ }[22m
[WebServer] 
[WebServer] Issue #2:
[WebServer] [2m│   background-color: oklch(85% 0.15 85 / 60%);[22m
[WebServer] [2m│ }[22m
[WebServer] [2m│[22m :root.dark ::highlight(learnlab-read-aloud) {
[WebServer] [2m┆[22m                        [33m[2m^--[22m 'highlight' is not recognized as a valid pseudo-element. Did you mean ':highlight' (pseudo-class) or is this a typo?[39m
[WebServer] [2m┆[22m
[WebServer] [2m│   background-color: oklch(75% 0.15 85 / 45%);[22m
[WebServer] [2m│ }[22m
[WebServer] 
[WebServer] [33m[lightningcss minify] 'highlight' is not recognized as a valid pseudo-element. Did you mean ':highlight' (pseudo-class) or is this a typo?
[WebServer] 1  |  /*! tailwindcss v4.3.0 | MIT License | https://tailwindcss.com */
[WebServer] 2  |  ...splay{padding-block:.25rem;overflow:auto hidden}::highlight(learnlab-read-aloud){background-color:oklch(85% .15 85...
[WebServer]    |                                                                 ^[39m
[WebServer] [33m[lightningcss minify] 'highlight' is not recognized as a valid pseudo-element. Did you mean ':highlight' (pseudo-class) or is this a typo?
[WebServer] 1  |  /*! tailwindcss v4.3.0 | MIT License | https://tailwindcss.com */
[WebServer] 2  |  ...ackground-color:oklch(85% .15 85/.6)}:root.dark ::highlight(learnlab-read-aloud){background-color:oklch(75% .15 85...
[WebServer]    |                                                                 ^[39m

Running 1 test using 1 worker

  ✓  1 [webkit] › e2e/laboratory.pw.ts:563:1 › meter detective: narrow touch and expanded text keep probes usable (2.0s)

  1 passed (9.7s)
npm notice
npm notice New major version of npm available! 11.12.1 -> 12.1.0
npm notice Changelog: https://github.com/npm/cli/releases/tag/v12.1.0
npm notice To update run: npm install -g npm@12.1.0
npm notice
