(node:1729313) [DEP0205] DeprecationWarning: `module.register()` is deprecated. Use `module.registerHooks()` instead.
(Use `node --trace-deprecation ...` to show where the warning was created)
[2m[WebServer] [22m(node:1729445) Warning: The 'NO_COLOR' env is ignored due to the 'FORCE_COLOR' env being set.
[2m[WebServer] [22m(Use `node --trace-warnings ...` to show where the warning was created)
[2m[WebServer] [22m(node:1729445) [DEP0205] DeprecationWarning: `module.register()` is deprecated. Use `module.registerHooks()` instead.
[2m[WebServer] [22mFound 2 warnings while optimizing generated CSS:
[2m[WebServer] [22m
[2m[WebServer] [22mIssue #1:
[2m[WebServer] [22m[2m│   padding-block: 0.25rem;[22m
[2m[WebServer] [22m[2m│ }[22m
[2m[WebServer] [22m[2m│[22m ::highlight(learnlab-read-aloud) {
[2m[WebServer] [22m[2m┆[22m             [33m[2m^--[22m 'highlight' is not recognized as a valid pseudo-element. Did you mean ':highlight' (pseudo-class) or is this a typo?[39m
[2m[WebServer] [22m[2m┆[22m
[2m[WebServer] [22m[2m│   background-color: oklch(85% 0.15 85 / 60%);[22m
[2m[WebServer] [22m[2m│ }[22m
[2m[WebServer] [22m
[2m[WebServer] [22mIssue #2:
[2m[WebServer] [22m[2m│   background-color: oklch(85% 0.15 85 / 60%);[22m
[2m[WebServer] [22m[2m│ }[22m
[2m[WebServer] [22m[2m│[22m :root.dark ::highlight(learnlab-read-aloud) {
[2m[WebServer] [22m[2m┆[22m                        [33m[2m^--[22m 'highlight' is not recognized as a valid pseudo-element. Did you mean ':highlight' (pseudo-class) or is this a typo?[39m
[2m[WebServer] [22m[2m┆[22m
[2m[WebServer] [22m[2m│   background-color: oklch(75% 0.15 85 / 45%);[22m
[2m[WebServer] [22m[2m│ }[22m
[2m[WebServer] [22m
[2m[WebServer] [22m[lightningcss minify] 'highlight' is not recognized as a valid pseudo-element. Did you mean ':highlight' (pseudo-class) or is this a typo?
[2m[WebServer] [22m1  |  /*! tailwindcss v4.3.0 | MIT License | https://tailwindcss.com */
[2m[WebServer] [22m2  |  ...splay{padding-block:.25rem;overflow:auto hidden}::highlight(learnlab-read-aloud){background-color:oklch(85% .15 85...
[2m[WebServer] [22m   |                                                                 ^
[2m[WebServer] [22m[lightningcss minify] 'highlight' is not recognized as a valid pseudo-element. Did you mean ':highlight' (pseudo-class) or is this a typo?
[2m[WebServer] [22m1  |  /*! tailwindcss v4.3.0 | MIT License | https://tailwindcss.com */
[2m[WebServer] [22m2  |  ...ackground-color:oklch(85% .15 85/.6)}:root.dark ::highlight(learnlab-read-aloud){background-color:oklch(75% .15 85...
[2m[WebServer] [22m   |                                                                 ^
[2m[WebServer] [22m(node:1729778) Warning: The 'NO_COLOR' env is ignored due to the 'FORCE_COLOR' env being set.
[2m[WebServer] [22m(Use `node --trace-warnings ...` to show where the warning was created)
[2m[WebServer] [22m(node:1729778) [DEP0205] DeprecationWarning: `module.register()` is deprecated. Use `module.registerHooks()` instead.

Running 30 tests using 2 workers

(node:1729872) Warning: The 'NO_COLOR' env is ignored due to the 'FORCE_COLOR' env being set.
(Use `node --trace-warnings ...` to show where the warning was created)
(node:1729872) [DEP0205] DeprecationWarning: `module.register()` is deprecated. Use `module.registerHooks()` instead.
(node:1729872) Warning: The 'NO_COLOR' env is ignored due to the 'FORCE_COLOR' env being set.
(Use `node --trace-warnings ...` to show where the warning was created)
(node:1729871) Warning: The 'NO_COLOR' env is ignored due to the 'FORCE_COLOR' env being set.
(Use `node --trace-warnings ...` to show where the warning was created)
(node:1729871) [DEP0205] DeprecationWarning: `module.register()` is deprecated. Use `module.registerHooks()` instead.
(node:1729871) Warning: The 'NO_COLOR' env is ignored due to the 'FORCE_COLOR' env being set.
(Use `node --trace-warnings ...` to show where the warning was created)
  ✓   1 [chromium] › e2e/laboratory.pw.ts:124:1 › new investigations: charge windows, source energy and two resistance routes (2.8s)
  ✓   2 [chromium] › e2e/laboratory.pw.ts:7:1 › first station episode: mistakes, keyboard repair, help, evidence and resume (3.3s)
  ✓   3 [chromium] › e2e/laboratory.pw.ts:292:1 › series and parallel investigations: shared current, branch survival and fresh predictions (3.2s)
  ✓   4 [chromium] › e2e/laboratory.pw.ts:473:1 › meter detective: unhelpful reading, diagnostic evidence, fresh decision and resume (3.0s)
  ✓   5 [chromium] › e2e/laboratory.pw.ts:563:1 › meter detective: narrow touch and expanded text keep probes usable (1.0s)
  ✓   6 [chromium] › e2e/laboratory.pw.ts:605:1 › power budget: two equal-power routes, branch budget and fresh energy checks (2.5s)
  ✓   7 [chromium] › e2e/laboratory.pw.ts:724:1 › fault board: discriminate, repair and explain an unfamiliar branch (2.3s)
  ✓   9 [chromium] › e2e/laboratory.pw.ts:875:1 › parallel branches remain operable by touch with expanded text (1.1s)
  ✓   8 [chromium] › e2e/laboratory.pw.ts:822:1 › power and fault controls remain usable at 200% text on a narrow touch screen (1.6s)
  ✓  10 [chromium] › e2e/laboratory.pw.ts:923:1 › new circuit controls fit a narrow touch layout with expanded text (1.0s)
  ✓  11 [chromium] › e2e/laboratory.pw.ts:967:1 › narrow touch workspace: both themes, help escape and retained exposure on restart (3.0s)
  ✓  13 [chromium] › e2e/laboratory.pw.ts:1225:1 › write failure offers an export and keeps the last persisted circuit intact (2.0s)
  ✓  12 [chromium] › e2e/laboratory.pw.ts:1059:1 › downloaded episode survives browser close and offline reopen with local progress (4.2s)
  ✓  14 [chromium] › e2e/laboratory.pw.ts:1267:1 › tablet, landscape and expanded text preserve controls and local-only requests (1.4s)
(node:1731502) Warning: The 'NO_COLOR' env is ignored due to the 'FORCE_COLOR' env being set.
(Use `node --trace-warnings ...` to show where the warning was created)
(node:1731502) [DEP0205] DeprecationWarning: `module.register()` is deprecated. Use `module.registerHooks()` instead.
(node:1731502) Warning: The 'NO_COLOR' env is ignored due to the 'FORCE_COLOR' env being set.
(Use `node --trace-warnings ...` to show where the warning was created)
  ✓  15 [chromium] › e2e/laboratory.pw.ts:1316:1 › silently discarded offline writes show recovery and never claim readiness (2.1s)
(node:1731647) Warning: The 'NO_COLOR' env is ignored due to the 'FORCE_COLOR' env being set.
(Use `node --trace-warnings ...` to show where the warning was created)
(node:1731647) [DEP0205] DeprecationWarning: `module.register()` is deprecated. Use `module.registerHooks()` instead.
(node:1731647) Warning: The 'NO_COLOR' env is ignored due to the 'FORCE_COLOR' env being set.
(Use `node --trace-warnings ...` to show where the warning was created)
  ✓  16 [firefox] › e2e/laboratory.pw.ts:7:1 › first station episode: mistakes, keyboard repair, help, evidence and resume (5.4s)
  ✓  17 [firefox] › e2e/laboratory.pw.ts:124:1 › new investigations: charge windows, source energy and two resistance routes (6.7s)
  ✓  18 [firefox] › e2e/laboratory.pw.ts:292:1 › series and parallel investigations: shared current, branch survival and fresh predictions (5.6s)
  ✓  19 [firefox] › e2e/laboratory.pw.ts:473:1 › meter detective: unhelpful reading, diagnostic evidence, fresh decision and resume (4.1s)
  ✓  20 [firefox] › e2e/laboratory.pw.ts:563:1 › meter detective: narrow touch and expanded text keep probes usable (1.4s)
  ✓  21 [firefox] › e2e/laboratory.pw.ts:605:1 › power budget: two equal-power routes, branch budget and fresh energy checks (4.2s)
  ✓  22 [firefox] › e2e/laboratory.pw.ts:724:1 › fault board: discriminate, repair and explain an unfamiliar branch (3.8s)
  ✓  24 [firefox] › e2e/laboratory.pw.ts:875:1 › parallel branches remain operable by touch with expanded text (1.4s)
  ✓  23 [firefox] › e2e/laboratory.pw.ts:822:1 › power and fault controls remain usable at 200% text on a narrow touch screen (1.7s)
  ✓  25 [firefox] › e2e/laboratory.pw.ts:923:1 › new circuit controls fit a narrow touch layout with expanded text (1.2s)
  ✓  26 [firefox] › e2e/laboratory.pw.ts:967:1 › narrow touch workspace: both themes, help escape and retained exposure on restart (3.8s)
  ✓  28 [firefox] › e2e/laboratory.pw.ts:1225:1 › write failure offers an export and keeps the last persisted circuit intact (1.9s)
  ✓  29 [firefox] › e2e/laboratory.pw.ts:1267:1 › tablet, landscape and expanded text preserve controls and local-only requests (1.8s)
  ✓  30 [firefox] › e2e/laboratory.pw.ts:1316:1 › silently discarded offline writes show recovery and never claim readiness (2.2s)
  ✓  27 [firefox] › e2e/laboratory.pw.ts:1059:1 › downloaded episode survives browser close and offline reopen with local progress (11.7s)

  30 passed (56.3s)
