(node:1875043) [DEP0205] DeprecationWarning: `module.register()` is deprecated. Use `module.registerHooks()` instead.
(Use `node --trace-deprecation ...` to show where the warning was created)
[2m[WebServer] [22m(node:1875215) Warning: The 'NO_COLOR' env is ignored due to the 'FORCE_COLOR' env being set.
[2m[WebServer] [22m(Use `node --trace-warnings ...` to show where the warning was created)
[2m[WebServer] [22m(node:1875215) [DEP0205] DeprecationWarning: `module.register()` is deprecated. Use `module.registerHooks()` instead.
[2m[WebServer] [22mFound 2 warnings while optimizing generated CSS:
[2m[WebServer] [22m
[2m[WebServer] [22mIssue #1:
[2m[WebServer] [22m[2m│   padding-block: 0.25rem;[22m
[2m[WebServer] [22m[2m│ }[22m
[2m[WebServer] [22m[2m│[22m ::highlight(learnlab-read-aloud) {
[2m[WebServer] [22m[2m┆[22m             [33m[2m^--[22m 'highlight' is not recognized as a valid pseudo-element. Did you mean ':highlight' (pseudo-class) or is this a typo?[39m
[2m[WebServer] [22m[2m┆[22m
[2m[WebServer] [22m[2m│   background-color: oklch(85% 0.15 85 / 60%);[22m
[2m[WebServer] [22m[2m│ }[22m
[2m[WebServer] [22m
[2m[WebServer] [22mIssue #2:
[2m[WebServer] [22m[2m│   background-color: oklch(85% 0.15 85 / 60%);[22m
[2m[WebServer] [22m[2m│ }[22m
[2m[WebServer] [22m[2m│[22m :root.dark ::highlight(learnlab-read-aloud) {
[2m[WebServer] [22m[2m┆[22m                        [33m[2m^--[22m 'highlight' is not recognized as a valid pseudo-element. Did you mean ':highlight' (pseudo-class) or is this a typo?[39m
[2m[WebServer] [22m[2m┆[22m
[2m[WebServer] [22m[2m│   background-color: oklch(75% 0.15 85 / 45%);[22m
[2m[WebServer] [22m[2m│ }[22m
[2m[WebServer] [22m
[2m[WebServer] [22m[lightningcss minify] 'highlight' is not recognized as a valid pseudo-element. Did you mean ':highlight' (pseudo-class) or is this a typo?
[2m[WebServer] [22m1  |  /*! tailwindcss v4.3.0 | MIT License | https://tailwindcss.com */
[2m[WebServer] [22m2  |  ...splay{padding-block:.25rem;overflow:auto hidden}::highlight(learnlab-read-aloud){background-color:oklch(85% .15 85...
[2m[WebServer] [22m   |                                                                 ^
[2m[WebServer] [22m[lightningcss minify] 'highlight' is not recognized as a valid pseudo-element. Did you mean ':highlight' (pseudo-class) or is this a typo?
[2m[WebServer] [22m1  |  /*! tailwindcss v4.3.0 | MIT License | https://tailwindcss.com */
[2m[WebServer] [22m2  |  ...ackground-color:oklch(85% .15 85/.6)}:root.dark ::highlight(learnlab-read-aloud){background-color:oklch(75% .15 85...
[2m[WebServer] [22m   |                                                                 ^
[2m[WebServer] [22m(node:1875549) Warning: The 'NO_COLOR' env is ignored due to the 'FORCE_COLOR' env being set.
[2m[WebServer] [22m(Use `node --trace-warnings ...` to show where the warning was created)
[2m[WebServer] [22m(node:1875549) [DEP0205] DeprecationWarning: `module.register()` is deprecated. Use `module.registerHooks()` instead.

Running 6 tests using 2 workers

(node:1875684) Warning: The 'NO_COLOR' env is ignored due to the 'FORCE_COLOR' env being set.
(Use `node --trace-warnings ...` to show where the warning was created)
(node:1875683) Warning: The 'NO_COLOR' env is ignored due to the 'FORCE_COLOR' env being set.
(Use `node --trace-warnings ...` to show where the warning was created)
(node:1875684) [DEP0205] DeprecationWarning: `module.register()` is deprecated. Use `module.registerHooks()` instead.
(node:1875684) Warning: The 'NO_COLOR' env is ignored due to the 'FORCE_COLOR' env being set.
(Use `node --trace-warnings ...` to show where the warning was created)
(node:1875683) [DEP0205] DeprecationWarning: `module.register()` is deprecated. Use `module.registerHooks()` instead.
(node:1875683) Warning: The 'NO_COLOR' env is ignored due to the 'FORCE_COLOR' env being set.
(Use `node --trace-warnings ...` to show where the warning was created)
  ✓  1 [chromium] › e2e/laboratory.pw.ts:1383:1 › repair bench: inspect, restore both rails and finish fresh checks (2.4s)
  ✓  3 [chromium] › e2e/laboratory.pw.ts:1469:1 › repair bench: a different series repair works with keyboard and expanded touch text (2.1s)
  ✓  2 [chromium] › e2e/laboratory.pw.ts:1059:1 › downloaded episode survives browser close and offline reopen with local progress (4.8s)
(node:1876347) Warning: The 'NO_COLOR' env is ignored due to the 'FORCE_COLOR' env being set.
(Use `node --trace-warnings ...` to show where the warning was created)
(node:1876347) [DEP0205] DeprecationWarning: `module.register()` is deprecated. Use `module.registerHooks()` instead.
(node:1876347) Warning: The 'NO_COLOR' env is ignored due to the 'FORCE_COLOR' env being set.
(Use `node --trace-warnings ...` to show where the warning was created)
(node:1876355) Warning: The 'NO_COLOR' env is ignored due to the 'FORCE_COLOR' env being set.
(Use `node --trace-warnings ...` to show where the warning was created)
(node:1876355) [DEP0205] DeprecationWarning: `module.register()` is deprecated. Use `module.registerHooks()` instead.
(node:1876355) Warning: The 'NO_COLOR' env is ignored due to the 'FORCE_COLOR' env being set.
(Use `node --trace-warnings ...` to show where the warning was created)
  ✓  5 [firefox] › e2e/laboratory.pw.ts:1383:1 › repair bench: inspect, restore both rails and finish fresh checks (4.4s)
  ✓  6 [firefox] › e2e/laboratory.pw.ts:1469:1 › repair bench: a different series repair works with keyboard and expanded touch text (2.8s)
  ✓  4 [firefox] › e2e/laboratory.pw.ts:1059:1 › downloaded episode survives browser close and offline reopen with local progress (12.4s)

  6 passed (25.6s)
