(node:3250116) [DEP0205] DeprecationWarning: `module.register()` is deprecated. Use `module.registerHooks()` instead.
(Use `node --trace-deprecation ...` to show where the warning was created)
[2m[WebServer] [22m(node:3250207) Warning: The 'NO_COLOR' env is ignored due to the 'FORCE_COLOR' env being set.
[2m[WebServer] [22m(Use `node --trace-warnings ...` to show where the warning was created)
[2m[WebServer] [22m(node:3250207) [DEP0205] DeprecationWarning: `module.register()` is deprecated. Use `module.registerHooks()` instead.
[2m[WebServer] [22mFound 2 warnings while optimizing generated CSS:
[2m[WebServer] [22m
[2m[WebServer] [22mIssue #1:
[2m[WebServer] [22m[2m│   padding-block: 0.25rem;[22m
[2m[WebServer] [22m[2m│ }[22m
[2m[WebServer] [22m[2m│[22m ::highlight(learnlab-read-aloud) {
[2m[WebServer] [22m[2m┆[22m             [33m[2m^--[22m 'highlight' is not recognized as a valid pseudo-element. Did you mean ':highlight' (pseudo-class) or is this a typo?[39m
[2m[WebServer] [22m[2m┆[22m
[2m[WebServer] [22m[2m│   background-color: oklch(85% 0.15 85 / 60%);[22m
[2m[WebServer] [22m[2m│ }[22m
[2m[WebServer] [22m
[2m[WebServer] [22mIssue #2:
[2m[WebServer] [22m[2m│   background-color: oklch(85% 0.15 85 / 60%);[22m
[2m[WebServer] [22m[2m│ }[22m
[2m[WebServer] [22m[2m│[22m :root.dark ::highlight(learnlab-read-aloud) {
[2m[WebServer] [22m[2m┆[22m                        [33m[2m^--[22m 'highlight' is not recognized as a valid pseudo-element. Did you mean ':highlight' (pseudo-class) or is this a typo?[39m
[2m[WebServer] [22m[2m┆[22m
[2m[WebServer] [22m[2m│   background-color: oklch(75% 0.15 85 / 45%);[22m
[2m[WebServer] [22m[2m│ }[22m
[2m[WebServer] [22m
[2m[WebServer] [22m[lightningcss minify] 'highlight' is not recognized as a valid pseudo-element. Did you mean ':highlight' (pseudo-class) or is this a typo?
[2m[WebServer] [22m1  |  /*! tailwindcss v4.3.0 | MIT License | https://tailwindcss.com */
[2m[WebServer] [22m2  |  ...splay{padding-block:.25rem;overflow:auto hidden}::highlight(learnlab-read-aloud){background-color:oklch(85% .15 85...
[2m[WebServer] [22m   |                                                                 ^
[2m[WebServer] [22m[lightningcss minify] 'highlight' is not recognized as a valid pseudo-element. Did you mean ':highlight' (pseudo-class) or is this a typo?
[2m[WebServer] [22m1  |  /*! tailwindcss v4.3.0 | MIT License | https://tailwindcss.com */
[2m[WebServer] [22m2  |  ...ackground-color:oklch(85% .15 85/.6)}:root.dark ::highlight(learnlab-read-aloud){background-color:oklch(75% .15 85...
[2m[WebServer] [22m   |                                                                 ^
[2m[WebServer] [22m(node:3250577) Warning: The 'NO_COLOR' env is ignored due to the 'FORCE_COLOR' env being set.
[2m[WebServer] [22m(Use `node --trace-warnings ...` to show where the warning was created)
[2m[WebServer] [22m(node:3250577) [DEP0205] DeprecationWarning: `module.register()` is deprecated. Use `module.registerHooks()` instead.

Running 2 tests using 2 workers

(node:3250677) Warning: The 'NO_COLOR' env is ignored due to the 'FORCE_COLOR' env being set.
(Use `node --trace-warnings ...` to show where the warning was created)
(node:3250677) [DEP0205] DeprecationWarning: `module.register()` is deprecated. Use `module.registerHooks()` instead.
(node:3250677) Warning: The 'NO_COLOR' env is ignored due to the 'FORCE_COLOR' env being set.
(Use `node --trace-warnings ...` to show where the warning was created)
(node:3250679) Warning: The 'NO_COLOR' env is ignored due to the 'FORCE_COLOR' env being set.
(Use `node --trace-warnings ...` to show where the warning was created)
(node:3250679) [DEP0205] DeprecationWarning: `module.register()` is deprecated. Use `module.registerHooks()` instead.
(node:3250679) Warning: The 'NO_COLOR' env is ignored due to the 'FORCE_COLOR' env being set.
(Use `node --trace-warnings ...` to show where the warning was created)
  ✓  1 [chromium] › e2e/laboratory.pw.ts:72:1 › new investigations: charge windows, source energy and two resistance routes (3.7s)
  ✓  2 [chromium] › e2e/laboratory.pw.ts:738:1 › downloaded episode survives browser close and offline reopen with local progress (5.0s)

  2 passed (12.1s)
